[0.010s][info][gc] Using The Z Garbage Collector
[0.171s][info][gc] GC(0) Garbage Collection (Warmup) 4M(22%)->4M(22%)
[0.272s][info][gc] GC(1) Garbage Collection (Warmup) 4M(22%)->4M(22%)
[33.567s][info][gc] GC(2) Garbage Collection (Warmup) 6M(33%)->6M(33%)
[48.769s][info][gc] GC(3) Garbage Collection (Proactive) 8M(44%)->10M(56%)
[92.697s][info][gc] GC(4) Garbage Collection (Proactive) 12M(67%)->10M(56%)
[92.920s][info][gc] GC(5) Garbage Collection (Allocation Rate) 12M(67%)->12M(67%)
[93.016s][info][gc] GC(6) Garbage Collection (Allocation Rate) 12M(67%)->12M(67%)
[93.113s][info][gc] GC(7) Garbage Collection (Allocation Rate) 12M(67%)->12M(67%)
[93.212s][info][gc] GC(8) Garbage Collection (Allocation Rate) 12M(67%)->12M(67%)
[93.311s][info][gc] GC(9) Garbage Collection (Allocation Rate) 12M(67%)->12M(67%)
[93.416s][info][gc] GC(10) Garbage Collection (Allocation Rate) 12M(67%)->12M(67%)
[93.510s][info][gc] GC(11) Garbage Collection (Allocation Rate) 12M(67%)->12M(67%)
[93.594s][info][gc] GC(12) Garbage Collection (Allocation Rate) 12M(67%)->12M(67%)
[93.693s][info][gc] GC(13) Garbage Collection (Allocation Rate) 12M(67%)->12M(67%)
[93.796s][info][gc] GC(14) Garbage Collection (Allocation Rate) 12M(67%)->12M(67%)
[93.897s][info][gc] GC(15) Garbage Collection (Allocation Rate) 12M(67%)->12M(67%)
[94.005s][info][gc] GC(16) Garbage Collection (Allocation Rate) 12M(67%)->12M(67%)
[94.102s][info][gc] GC(17) Garbage Collection (Allocation Rate) 12M(67%)->12M(67%)
[94.189s][info][gc] GC(18) Garbage Collection (Allocation Rate) 14M(78%)->12M(67%)
[94.262s][info][gc] GC(19) Garbage Collection (Allocation Rate) 12M(67%)->12M(67%)
[94.373s][info][gc] GC(20) Garbage Collection (Allocation Rate) 12M(67%)->12M(67%)
[94.480s][info][gc] GC(21) Garbage Collection (Allocation Rate) 12M(67%)->12M(67%)
[94.696s][info][gc] GC(22) Garbage Collection (Allocation Rate) 14M(78%)->12M(67%)
[94.808s][info][gc] GC(23) Garbage Collection (Allocation Rate) 12M(67%)->12M(67%)
[94.903s][info][gc] GC(24) Garbage Collection (Allocation Rate) 12M(67%)->12M(67%)
[94.992s][info][gc] GC(25) Garbage Collection (Allocation Rate) 12M(67%)->12M(67%)
[95.216s][info][gc] GC(26) Garbage Collection (Allocation Rate) 12M(67%)->12M(67%)
[95.282s][info][gc] GC(27) Garbage Collection (Allocation Rate) 12M(67%)->14M(78%)
[95.397s][info][gc] GC(28) Garbage Collection (Allocation Rate) 14M(78%)->14M(78%)
[95.489s][info][gc] GC(29) Garbage Collection (Allocation Rate) 14M(78%)->14M(78%)
[95.563s][info][gc] GC(30) Garbage Collection (Allocation Rate) 14M(78%)->14M(78%)
[95.662s][info][gc] GC(31) Garbage Collection (Allocation Rate) 14M(78%)->14M(78%)
[95.760s][info][gc] GC(32) Garbage Collection (Allocation Rate) 14M(78%)->14M(78%)
[95.868s][info][gc] GC(33) Garbage Collection (Allocation Rate) 14M(78%)->14M(78%)
[95.961s][info][gc] GC(34) Garbage Collection (Allocation Rate) 14M(78%)->14M(78%)
[96.061s][info][gc] GC(35) Garbage Collection (Allocation Rate) 14M(78%)->14M(78%)
[96.158s][info][gc] GC(36) Garbage Collection (Allocation Rate) 14M(78%)->12M(67%)
[96.262s][info][gc] GC(37) Garbage Collection (Allocation Rate) 14M(78%)->12M(67%)
[96.358s][info][gc] GC(38) Garbage Collection (Allocation Rate) 14M(78%)->12M(67%)
[96.459s][info][gc] GC(39) Garbage Collection (Allocation Rate) 14M(78%)->12M(67%)
[96.606s][info][gc] GC(40) Garbage Collection (Allocation Rate) 14M(78%)->14M(78%)
[96.698s][info][gc] GC(41) Garbage Collection (Allocation Rate) 14M(78%)->14M(78%)
[96.765s][info][gc] GC(42) Garbage Collection (Allocation Rate) 14M(78%)->14M(78%)
[96.861s][info][gc] GC(43) Garbage Collection (Allocation Rate) 14M(78%)->14M(78%)
[96.962s][info][gc] GC(44) Garbage Collection (Allocation Rate) 14M(78%)->14M(78%)
[97.061s][info][gc] GC(45) Garbage Collection (Allocation Rate) 14M(78%)->14M(78%)
[97.159s][info][gc] GC(46) Garbage Collection (Allocation Rate) 14M(78%)->14M(78%)
[97.261s][info][gc] GC(47) Garbage Collection (Allocation Rate) 14M(78%)->14M(78%)
[97.357s][info][gc] GC(48) Garbage Collection (Allocation Rate) 14M(78%)->12M(67%)
[97.460s][info][gc] GC(49) Garbage Collection (Allocation Rate) 14M(78%)->14M(78%)
[97.592s][info][gc] GC(50) Garbage Collection (Allocation Rate) 14M(78%)->14M(78%)
[97.662s][info][gc] GC(51) Garbage Collection (Allocation Rate) 14M(78%)->14M(78%)
[97.761s][info][gc] GC(52) Garbage Collection (Allocation Rate) 14M(78%)->14M(78%)
[97.861s][info][gc] GC(53) Garbage Collection (Allocation Rate) 14M(78%)->14M(78%)
[97.956s][info][gc] GC(54) Garbage Collection (Allocation Rate) 14M(78%)->14M(78%)
[98.064s][info][gc] GC(55) Garbage Collection (Allocation Rate) 14M(78%)->14M(78%)
[98.162s][info][gc] GC(56) Garbage Collection (Allocation Rate) 14M(78%)->14M(78%)
[98.263s][info][gc] GC(57) Garbage Collection (Allocation Rate) 14M(78%)->14M(78%)
[98.361s][info][gc] GC(58) Garbage Collection (Allocation Rate) 14M(78%)->14M(78%)
[98.461s][info][gc] GC(59) Garbage Collection (Allocation Rate) 14M(78%)->14M(78%)
[98.594s][info][gc] GC(60) Garbage Collection (Allocation Rate) 14M(78%)->14M(78%)
[98.667s][info][gc] GC(61) Garbage Collection (Allocation Rate) 14M(78%)->14M(78%)
[98.762s][info][gc] GC(62) Garbage Collection (Allocation Rate) 14M(78%)->14M(78%)
[98.859s][info][gc] GC(63) Garbage Collection (Allocation Rate) 14M(78%)->14M(78%)
[98.956s][info][gc] GC(64) Garbage Collection (Allocation Rate) 14M(78%)->14M(78%)
[99.061s][info][gc] GC(65) Garbage Collection (Allocation Rate) 14M(78%)->14M(78%)
[99.159s][info][gc] GC(66) Garbage Collection (Allocation Rate) 14M(78%)->12M(67%)
[99.767s][info][gc] GC(67) Garbage Collection (Allocation Rate) 12M(67%)->14M(78%)
[99.861s][info][gc] GC(68) Garbage Collection (Allocation Rate) 14M(78%)->14M(78%)
[99.960s][info][gc] GC(69) Garbage Collection (Allocation Rate) 14M(78%)->14M(78%)
[100.060s][info][gc] GC(70) Garbage Collection (Allocation Rate) 14M(78%)->14M(78%)
[100.160s][info][gc] GC(71) Garbage Collection (Allocation Rate) 14M(78%)->14M(78%)
[100.260s][info][gc] GC(72) Garbage Collection (Allocation Rate) 14M(78%)->14M(78%)
[100.360s][info][gc] GC(73) Garbage Collection (Allocation Rate) 14M(78%)->14M(78%)
[100.460s][info][gc] GC(74) Garbage Collection (Allocation Rate) 14M(78%)->14M(78%)
[100.602s][info][gc] GC(75) Garbage Collection (Allocation Rate) 14M(78%)->14M(78%)
[100.663s][info][gc] GC(76) Garbage Collection (Allocation Rate) 14M(78%)->12M(67%)
[100.762s][info][gc] GC(77) Garbage Collection (Allocation Rate) 12M(67%)->12M(67%)
[100.862s][info][gc] GC(78) Garbage Collection (Allocation Rate) 12M(67%)->12M(67%)
[100.962s][info][gc] GC(79) Garbage Collection (Allocation Rate) 12M(67%)->12M(67%)
[101.062s][info][gc] GC(80) Garbage Collection (Allocation Rate) 12M(67%)->12M(67%)
[101.162s][info][gc] GC(81) Garbage Collection (Allocation Rate) 12M(67%)->12M(67%)
[101.262s][info][gc] GC(82) Garbage Collection (Allocation Rate) 12M(67%)->12M(67%)
[101.966s][info][gc] GC(83) Garbage Collection (Allocation Rate) 12M(67%)->12M(67%)
[102.061s][info][gc] GC(84) Garbage Collection (Allocation Rate) 12M(67%)->12M(67%)
[102.162s][info][gc] GC(85) Garbage Collection (Allocation Rate) 12M(67%)->12M(67%)
[102.262s][info][gc] GC(86) Garbage Collection (Allocation Rate) 12M(67%)->12M(67%)
[110.692s][info][gc] GC(87) Garbage Collection (Proactive) 14M(78%)->12M(67%)
[110.868s][info][gc] GC(88) Garbage Collection (Allocation Rate) 12M(67%)->12M(67%)
[110.962s][info][gc] GC(89) Garbage Collection (Allocation Rate) 12M(67%)->10M(56%)
[112.972s][info][gc] GC(90) Garbage Collection (Proactive) 12M(67%)->12M(67%)
[123.670s][info][gc] GC(91) Garbage Collection (Proactive) 14M(78%)->12M(67%)
[125.170s][info][gc] GC(92) Garbage Collection (Proactive) 14M(78%)->12M(67%)
[134.691s][info][gc] GC(93) Garbage Collection (Proactive) 14M(78%)->12M(67%)
[141.373s][info][gc] GC(94) Garbage Collection (Proactive) 14M(78%)->12M(67%)
[149.792s][info][gc] GC(95) Garbage Collection (Proactive) 14M(78%)->8M(44%)
[151.002s][info][gc] Allocation Stall (main) 20.384ms
[151.003s][info][gc] GC(96) Garbage Collection (Allocation Stall) 18M(100%)->12M(67%)
[151.020s][info][gc] Allocation Stall (main) 8.869ms
[151.021s][info][gc] GC(97) Garbage Collection (Allocation Stall) 18M(100%)->14M(78%)
[151.035s][info][gc] Allocation Stall (main) 9.136ms
[151.037s][info][gc] GC(98) Garbage Collection (Allocation Stall) 18M(100%)->14M(78%)
[151.051s][info][gc] Allocation Stall (main) 9.334ms
[151.051s][info][gc] Relocation Stall (main) 0.069ms
[151.051s][info][gc] GC(99) Garbage Collection (Allocation Stall) 18M(100%)->16M(89%)
[151.062s][info][gc] Allocation Stall (main) 8.150ms
[151.064s][info][gc] GC(100) Garbage Collection (Allocation Stall) 18M(100%)->10M(56%)
[151.166s][info][gc] GC(101) Garbage Collection (Allocation Rate) 10M(56%)->8M(44%)
[151.267s][info][gc] GC(102) Garbage Collection (Allocation Rate) 8M(44%)->8M(44%)
[151.360s][info][gc] GC(103) Garbage Collection (Allocation Rate) 8M(44%)->8M(44%)
[151.465s][info][gc] GC(104) Garbage Collection (Allocation Rate) 8M(44%)->8M(44%)
[151.570s][info][gc] GC(105) Garbage Collection (Allocation Rate) 8M(44%)->8M(44%)
[151.678s][info][gc] GC(106) Garbage Collection (Allocation Rate) 8M(44%)->8M(44%)
[151.856s][info][gc] GC(107) Garbage Collection (Allocation Rate) 10M(56%)->10M(56%)
[151.974s][info][gc] GC(108) Garbage Collection (Allocation Rate) 10M(56%)->8M(44%)
[152.067s][info][gc] GC(109) Garbage Collection (Allocation Rate) 8M(44%)->8M(44%)
[152.170s][info][gc] GC(110) Garbage Collection (Allocation Rate) 8M(44%)->8M(44%)
[152.274s][info][gc] GC(111) Garbage Collection (Allocation Rate) 8M(44%)->8M(44%)
[152.377s][info][gc] GC(112) Garbage Collection (Allocation Rate) 8M(44%)->8M(44%)
[152.463s][info][gc] GC(113) Garbage Collection (Allocation Rate) 8M(44%)->8M(44%)
[152.564s][info][gc] GC(114) Garbage Collection (Allocation Rate) 8M(44%)->8M(44%)
[152.669s][info][gc] GC(115) Garbage Collection (Allocation Rate) 8M(44%)->8M(44%)
[152.831s][info][gc] GC(116) Garbage Collection (Allocation Rate) 10M(56%)->12M(67%)
[152.873s][info][gc] GC(117) Garbage Collection (Allocation Rate) 12M(67%)->12M(67%)
[154.094s][info][gc] GC(118) Garbage Collection (Allocation Rate) 12M(67%)->10M(56%)
[158.398s][info][gc] GC(119) Garbage Collection (Proactive) 12M(67%)->10M(56%)
