[0.010s][info][gc] Using Serial
[1.569s][info][gc] GC(0) Pause Young (Allocation Failure) 3M->1M(11M) 5.300ms
[41.473s][info][gc] GC(1) Pause Young (Allocation Failure) 4M->4M(11M) 6.937ms
[41.609s][info][gc] GC(2) Pause Young (Allocation Failure) 7M->4M(11M) 3.249ms
[41.802s][info][gc] GC(3) Pause Young (Allocation Failure) 7M->5M(11M) 3.684ms
[41.969s][info][gc] GC(4) Pause Young (Allocation Failure) 8M->5M(11M) 2.008ms
[42.566s][info][gc] GC(5) Pause Young (Allocation Failure) 8M->8M(11M) 0.029ms
[42.581s][info][gc] GC(6) Pause Full (Allocation Failure) 8M->5M(11M) 14.926ms
[43.634s][info][gc] GC(7) Pause Young (Allocation Failure) 8M->8M(11M) 0.032ms
[43.650s][info][gc] GC(8) Pause Full (Allocation Failure) 8M->6M(11M) 16.108ms
[64.936s][info][gc] GC(9) Pause Young (Allocation Failure) 9M->9M(11M) 0.061ms
[64.955s][info][gc] GC(10) Pause Full (Allocation Failure) 9M->6M(11M) 19.144ms
[88.025s][info][gc] GC(11) Pause Young (Allocation Failure) 9M->9M(11M) 0.059ms
[88.055s][info][gc] GC(12) Pause Full (Allocation Failure) 9M->5M(11M) 29.568ms
[116.154s][info][gc] GC(13) Pause Young (Allocation Failure) 8M->5M(11M) 4.998ms
[128.350s][info][gc] GC(14) Pause Young (Allocation Failure) 8M->5M(11M) 2.040ms
[128.361s][info][gc] GC(15) Pause Young (Allocation Failure) 8M->6M(11M) 1.967ms
[128.397s][info][gc] GC(16) Pause Young (Allocation Failure) 9M->9M(11M) 0.033ms
[128.424s][info][gc] GC(17) Pause Full (Allocation Failure) 9M->5M(11M) 26.543ms
[128.430s][info][gc] GC(18) Pause Young (Allocation Failure) 9M->6M(11M) 0.373ms
[128.434s][info][gc] GC(19) Pause Young (Allocation Failure) 9M->6M(11M) 0.293ms
[128.438s][info][gc] GC(20) Pause Young (Allocation Failure) 9M->9M(11M) 0.018ms
[128.447s][info][gc] GC(21) Pause Full (Allocation Failure) 9M->6M(11M) 8.968ms
[128.455s][info][gc] GC(22) Pause Young (Allocation Failure) 9M->9M(11M) 0.032ms
[128.464s][info][gc] GC(23) Pause Full (Allocation Failure) 9M->6M(11M) 8.842ms
[128.468s][info][gc] GC(24) Pause Young (Allocation Failure) 9M->9M(11M) 0.022ms
[128.476s][info][gc] GC(25) Pause Full (Allocation Failure) 9M->6M(11M) 7.980ms
[128.480s][info][gc] GC(26) Pause Young (Allocation Failure) 9M->9M(11M) 0.018ms
[128.488s][info][gc] GC(27) Pause Full (Allocation Failure) 9M->6M(11M) 8.071ms
